
Memory Configuration

Name             Origin             Length             Attributes
FLASH            0x00000000         0x00080000         xr
SRAM             0x20000000         0x00010000         xrw
*default*        0x00000000         0xffffffff

Linker script and memory map

LOAD basic_startcode.o
LOAD application.o

.text           0x00000000      0x530
                0x00000000                _text_start = .
 *(.text*)
 .text          0x00000000      0x448 basic_startcode.o
 .text          0x00000448       0xe8 application.o
                0x00000448                asm_main
                0x000004c8                delay
                0x00000530                _text_end = .

.glue_7         0x00000530        0x0
 .glue_7        0x00000000        0x0 linker stubs

.glue_7t        0x00000530        0x0
 .glue_7t       0x00000000        0x0 linker stubs

.vfp11_veneer   0x00000530        0x0
 .vfp11_veneer  0x00000000        0x0 linker stubs

.v4_bx          0x00000530        0x0
 .v4_bx         0x00000000        0x0 linker stubs

.iplt           0x00000530        0x0
 .iplt          0x00000000        0x0 basic_startcode.o

.rel.dyn        0x00000530        0x0
 .rel.iplt      0x00000000        0x0 basic_startcode.o

.data           0x20000000        0x0 load address 0x00000530
                0x20000000                _data_start = .
 *(.data*)
 .data          0x20000000        0x0 basic_startcode.o
 .data          0x20000000        0x0 application.o
                0x20000000                _data_end = .

.igot.plt       0x20000000        0x0 load address 0x00000530
 .igot.plt      0x00000000        0x0 basic_startcode.o

.bss            0x20000000        0x0 load address 0x00000530
                0x20000000                _bss_start = .
 *(.bss*)
 .bss           0x20000000        0x0 basic_startcode.o
 .bss           0x20000000        0x0 application.o
                0x20000000                _bss_end = .
                0x20000000                _heap_start = .
                0x00000400                STACK_SIZE = 0x400
                0x2000fc00                _heap_end = ALIGN (((ORIGIN (SRAM) + 0x10000) - STACK_SIZE), 0x8)
                0x20010000                _stack_start = ALIGN ((ORIGIN (SRAM) + 0x10000), 0x8)
OUTPUT(gpio.axf elf32-littlearm)

.ARM.attributes
                0x00000000       0x21
 .ARM.attributes
                0x00000000       0x21 basic_startcode.o
 .ARM.attributes
                0x00000021       0x21 application.o

.debug_line     0x00000000       0xef
 .debug_line    0x00000000       0x59 basic_startcode.o
 .debug_line    0x00000059       0x96 application.o

.debug_info     0x00000000       0xd8
 .debug_info    0x00000000       0x6e basic_startcode.o
 .debug_info    0x0000006e       0x6a application.o

.debug_abbrev   0x00000000       0x28
 .debug_abbrev  0x00000000       0x14 basic_startcode.o
 .debug_abbrev  0x00000014       0x14 application.o

.debug_aranges  0x00000000       0x40
 .debug_aranges
                0x00000000       0x20 basic_startcode.o
 .debug_aranges
                0x00000020       0x20 application.o
